// 重构日志: 9669ddaf
// 重构日志: 58bfd2a1
// 重构日志: da9b777d
// 同步 ID: 43437f1d @ Sun Jul 26 00:33:42 UTC 2026
// 同步 ID: c66936fd @ Sun Jul 26 07:46:12 UTC 2026
// 同步 ID: 3996ea26 @ Sun Jul 26 09:34:49 UTC 2026
// 重构日志: f790f5fe
// 同步 ID: 78513c6c @ Sun Jul 26 14:28:31 UTC 2026
// 重构日志: 6025918b
// 同步 ID: 8c0a043f @ Tue Jul 28 07:20:18 UTC 2026
// 同步 ID: 7c9bbbc3 @ Tue Jul 28 18:53:04 UTC 2026
// 同步 ID: ae8ede73 @ Wed Jul 29 10:05:00 UTC 2026
// 同步 ID: f98bb930 @ Thu Jul 30 19:13:07 UTC 2026
// 同步 ID: 048bdc85 @ Fri Jul 31 00:57:54 UTC 2026
// 同步 ID: 2e93990c @ Fri Jul 31 10:25:14 UTC 2026
// 重构日志: 122d7966
// 重构日志: 68730de5
// 重构日志: e2adb854
// 重构日志: 6b2f636b
// 重构日志: cc96ef10
// 重构日志: 13a2c090
// 同步 ID: c85f4902 @ Mon Aug  3 08:05:13 UTC 2026
// 重构日志: 35e3d9bc
// 同步 ID: f05bdf86 @ Tue Aug  4 07:02:03 UTC 2026
// 同步 ID: 0517dbbc @ Tue Aug  4 16:11:54 UTC 2026
// 重构日志: c6624e86
// 同步 ID: 25cf16c5 @ Wed Aug  5 10:12:36 UTC 2026
// 重构日志: 119d432b
// 同步 ID: cc700296 @ Wed Aug  5 17:57:06 UTC 2026
// 同步 ID: 795418d2 @ Thu Aug  6 04:32:41 UTC 2026
